
> stalowy-straznik-frontend@0.1.0 dev
> vite


  VITE v5.4.21  ready in 167 ms

  ➜  Local:   http://localhost:5173/
  ➜  Network: http://10.100.7.214:5173/
  ➜  Network: http://100.65.64.9:5173/
  ➜  press h + enter to show help
1:03:17 PM [vite] hmr update /src/components/MapView/MapView.tsx, /src/index.css
1:03:34 PM [vite] hmr update /src/pages/Dashboard.tsx, /src/index.css
1:03:34 PM [vite] Internal server error: /home/dsb/Desktop/dev/spaceshield/frontend/src/pages/Dashboard.tsx: Unexpected token (217:0)

  215 |   )
  216 | }
> 217 | }
      | ^
  Plugin: vite:react-babel
  File: /home/dsb/Desktop/dev/spaceshield/frontend/src/pages/Dashboard.tsx:217:0
  215|    )
  216|  }
  217|  }
     |  ^
      at constructor (/home/dsb/Desktop/dev/spaceshield/frontend/node_modules/@babel/parser/lib/index.js:365:19)
      at TypeScriptParserMixin.raise (/home/dsb/Desktop/dev/spaceshield/frontend/node_modules/@babel/parser/lib/index.js:6616:19)
      at TypeScriptParserMixin.unexpected (/home/dsb/Desktop/dev/spaceshield/frontend/node_modules/@babel/parser/lib/index.js:6636:16)
      at TypeScriptParserMixin.parseExprAtom (/home/dsb/Desktop/dev/spaceshield/frontend/node_modules/@babel/parser/lib/index.js:11459:22)
      at TypeScriptParserMixin.parseExprAtom (/home/dsb/Desktop/dev/spaceshield/frontend/node_modules/@babel/parser/lib/index.js:4776:20)
      at TypeScriptParserMixin.parseExprSubscripts (/home/dsb/Desktop/dev/spaceshield/frontend/node_modules/@babel/parser/lib/index.js:11098:23)
      at TypeScriptParserMixin.parseUpdate (/home/dsb/Desktop/dev/spaceshield/frontend/node_modules/@babel/parser/lib/index.js:11083:21)
      at TypeScriptParserMixin.parseMaybeUnary (/home/dsb/Desktop/dev/spaceshield/frontend/node_modules/@babel/parser/lib/index.js:11063:23)
      at TypeScriptParserMixin.parseMaybeUnary (/home/dsb/Desktop/dev/spaceshield/frontend/node_modules/@babel/parser/lib/index.js:9854:18)
      at TypeScriptParserMixin.parseMaybeUnaryOrPrivate (/home/dsb/Desktop/dev/spaceshield/frontend/node_modules/@babel/parser/lib/index.js:10916:61)
      at TypeScriptParserMixin.parseExprOps (/home/dsb/Desktop/dev/spaceshield/frontend/node_modules/@babel/parser/lib/index.js:10921:23)
      at TypeScriptParserMixin.parseMaybeConditional (/home/dsb/Desktop/dev/spaceshield/frontend/node_modules/@babel/parser/lib/index.js:10898:23)
      at TypeScriptParserMixin.parseMaybeAssign (/home/dsb/Desktop/dev/spaceshield/frontend/node_modules/@babel/parser/lib/index.js:10848:21)
      at TypeScriptParserMixin.parseMaybeAssign (/home/dsb/Desktop/dev/spaceshield/frontend/node_modules/@babel/parser/lib/index.js:9803:20)
      at TypeScriptParserMixin.parseExpressionBase (/home/dsb/Desktop/dev/spaceshield/frontend/node_modules/@babel/parser/lib/index.js:10801:23)
      at /home/dsb/Desktop/dev/spaceshield/frontend/node_modules/@babel/parser/lib/index.js:10797:39
      at TypeScriptParserMixin.allowInAnd (/home/dsb/Desktop/dev/spaceshield/frontend/node_modules/@babel/parser/lib/index.js:12438:16)
      at TypeScriptParserMixin.parseExpression (/home/dsb/Desktop/dev/spaceshield/frontend/node_modules/@babel/parser/lib/index.js:10797:17)
      at TypeScriptParserMixin.parseStatementContent (/home/dsb/Desktop/dev/spaceshield/frontend/node_modules/@babel/parser/lib/index.js:12912:23)
      at TypeScriptParserMixin.parseStatementContent (/home/dsb/Desktop/dev/spaceshield/frontend/node_modules/@babel/parser/lib/index.js:9525:18)
      at TypeScriptParserMixin.parseStatementLike (/home/dsb/Desktop/dev/spaceshield/frontend/node_modules/@babel/parser/lib/index.js:12784:17)
      at TypeScriptParserMixin.parseModuleItem (/home/dsb/Desktop/dev/spaceshield/frontend/node_modules/@babel/parser/lib/index.js:12761:17)
      at TypeScriptParserMixin.parseBlockOrModuleBlockBody (/home/dsb/Desktop/dev/spaceshield/frontend/node_modules/@babel/parser/lib/index.js:13333:36)
      at TypeScriptParserMixin.parseBlockBody (/home/dsb/Desktop/dev/spaceshield/frontend/node_modules/@babel/parser/lib/index.js:13326:10)
      at TypeScriptParserMixin.parseProgram (/home/dsb/Desktop/dev/spaceshield/frontend/node_modules/@babel/parser/lib/index.js:12639:10)
      at TypeScriptParserMixin.parseTopLevel (/home/dsb/Desktop/dev/spaceshield/frontend/node_modules/@babel/parser/lib/index.js:12629:25)
      at TypeScriptParserMixin.parse (/home/dsb/Desktop/dev/spaceshield/frontend/node_modules/@babel/parser/lib/index.js:14505:25)
      at TypeScriptParserMixin.parse (/home/dsb/Desktop/dev/spaceshield/frontend/node_modules/@babel/parser/lib/index.js:10143:18)
      at parse (/home/dsb/Desktop/dev/spaceshield/frontend/node_modules/@babel/parser/lib/index.js:14539:38)
      at parser (/home/dsb/Desktop/dev/spaceshield/frontend/node_modules/@babel/core/lib/parser/index.js:41:34)
      at parser.next (<anonymous>)
      at normalizeFile (/home/dsb/Desktop/dev/spaceshield/frontend/node_modules/@babel/core/lib/transformation/normalize-file.js:64:37)
      at normalizeFile.next (<anonymous>)
      at run (/home/dsb/Desktop/dev/spaceshield/frontend/node_modules/@babel/core/lib/transformation/index.js:22:50)
      at run.next (<anonymous>)
      at transform (/home/dsb/Desktop/dev/spaceshield/frontend/node_modules/@babel/core/lib/transform.js:22:33)
      at transform.next (<anonymous>)
      at step (/home/dsb/Desktop/dev/spaceshield/frontend/node_modules/gensync/index.js:261:32)
      at /home/dsb/Desktop/dev/spaceshield/frontend/node_modules/gensync/index.js:273:13
      at async.call.result.err.err (/home/dsb/Desktop/dev/spaceshield/frontend/node_modules/gensync/index.js:223:11)
      at /home/dsb/Desktop/dev/spaceshield/frontend/node_modules/gensync/index.js:189:28
      at /home/dsb/Desktop/dev/spaceshield/frontend/node_modules/@babel/core/lib/gensync-utils/async.js:67:7
      at /home/dsb/Desktop/dev/spaceshield/frontend/node_modules/gensync/index.js:113:33
      at step (/home/dsb/Desktop/dev/spaceshield/frontend/node_modules/gensync/index.js:287:14)
      at /home/dsb/Desktop/dev/spaceshield/frontend/node_modules/gensync/index.js:273:13
      at async.call.result.err.err (/home/dsb/Desktop/dev/spaceshield/frontend/node_modules/gensync/index.js:223:11)
1:03:40 PM [vite] hmr update /src/pages/Dashboard.tsx, /src/index.css
1:03:41 PM [vite] ✨ new dependencies optimized: cytoscape
1:03:41 PM [vite] ✨ optimized dependencies changed. reloading
1:13:49 PM [vite] hmr update /src/index.css, /src/pages/Dashboard.tsx, /src/components/Sidebar/AlertsPanel.tsx, /src/components/Sidebar/SimulationControls.tsx, /src/components/MapView/MapView.tsx, /src/components/Sidebar/NodeInspector.tsx, /src/components/MapView/LogicalView.tsx
1:15:21 PM [vite] hmr update /src/components/MapView/MapView.tsx, /src/index.css
1:16:30 PM [vite] hmr update /src/components/MapView/LogicalView.tsx, /src/index.css
2:01:22 PM [vite] hmr update /src/App.tsx, /src/index.css
2:23:33 PM [vite] hmr update /src/pages/Admin.tsx, /src/index.css
2:23:43 PM [vite] hmr update /src/pages/Admin.tsx, /src/index.css
